// Vitest Snapshot v1, https://vitest.dev/guide/snapshot.html

exports[`generateDashboardService > matches full dashboard service snapshot 1`] = `
"[Unit]
Description=Claw Pilot Dashboard (port 19000)
After=network-online.target
Wants=network-online.target

[Service]
ExecStart=/usr/local/bin/node /opt/claw-pilot/dist/index.mjs dashboard --port 19000
Restart=always
RestartSec=5
KillMode=process
StandardOutput=journal
StandardError=journal
Environment=HOME=/home/openclaw
Environment=PATH=/home/openclaw/.npm-global/bin:/usr/local/bin:/usr/bin:/bin
Environment=XDG_RUNTIME_DIR=/run/user/1000
Environment=NODE_ENV=production

[Install]
WantedBy=default.target
"
`;
